[www.grandtheftvicecity.site/index.html]
[static.parastorage.com/unpkg/core-js-bundle@3.2.1/minified.js]
[static.parastorage.com/unpkg/focus-within-polyfill@5.0.9/dist/focus-within-polyfill.js]
[backblue.gif]
[fade.gif]
[index.html]
[polyfill.io/v3/polyfill.mind82c.js]
[static.parastorage.com/services/challenges-web-ooi/1.2168.1057/client-viewer/EmptyList-EmptyList.chunk.min.js]
[static.wixstatic.com/media/cf0e56_a6320241b5c240399d3c8d3a938c6245_mv2.jpg/v1/fill/w_748,h_421,al_c,q_80,usm_0.66_1.00_0.01,enc_auto/ezgif_edited.jpg]
[static.wixstatic.com/media/cf0e56_bc5889292b6447d890b5231df3263c4f_mv2.png/v1/fill/w_289,h_321,al_c,q_85,usm_0.66_1.00_0.01,enc_auto/GTA-Vice-City-Ultimate-logo.png]
[static.wixstatic.com/media/cf0e56_f0613602b8b649b69dfc5e8341ecc26b_mv2.png/v1/fill/w_48,h_48,al_c,q_85,usm_0.66_1.00_0.01,enc_auto/pc-computer-with-monitor_icon-icons_com_56249.png]
[static.wixstatic.com/media/cf0e56_dac36a46430b44fbb1ca4be1bdbda083_mv2.png/v1/fill/w_48,h_48,al_c,q_85,usm_0.66_1.00_0.01,enc_auto/4623983.png]
[static.wixstatic.com/media/cf0e56_37836d34beb2418e80eb5b289939284a_mv2.png/v1/fill/w_46,h_48,al_c,q_85,usm_0.66_1.00_0.01,enc_auto/cf0e56_37836d34beb2418e80eb5b289939284a_mv2.png]
[static.wixstatic.com/media/cf0e56_2ebcb9aa1c9a4187b5442b6890d6d7df_mv2.jpg/v1/fill/w_147,h_83,al_c,q_80,usm_0.66_1.00_0.01,blur_2,enc_auto/cf0e56_2ebcb9aa1c9a4187b5442b6890d6d7df_mv2.jpg]
[static.wixstatic.com/media/cf0e56_f12c387dc16b440fabfcbc0006efcd4d_mv2.png/v1/fill/w_49,h_31,al_c,q_85,usm_0.66_1.00_0.01,blur_2,enc_auto/cf0e56_f12c387dc16b440fabfcbc0006efcd4d_mv2.png]
[static.wixstatic.com/media/cf0e56_0ca5dcab24394037bf7a1ab43b234c9b_mv2.png/v1/fill/w_49,h_28,al_c,q_85,usm_0.66_1.00_0.01,blur_2,enc_auto/cf0e56_0ca5dcab24394037bf7a1ab43b234c9b_mv2.png]
[static.wixstatic.com/media/cf0e56_fd1968dc26d2411fa161429a611b3673_mv2.png/v1/fill/w_92,h_92,al_c,q_85,usm_0.66_1.00_0.01,blur_3,enc_auto/cf0e56_fd1968dc26d2411fa161429a611b3673_mv2.png]
[static.wixstatic.com/media/cf0e56_14d1f6c3a6db486ca9bb3fae662dd503_mv2.jpg/v1/fill/w_77,h_43,al_c,q_80,usm_0.66_1.00_0.01,blur_2,enc_auto/cf0e56_14d1f6c3a6db486ca9bb3fae662dd503_mv2.jpg]
[static.wixstatic.com/media/cf0e56_18327daba6b24841b181fd3dd36e8e30_mv2.jpg/v1/fill/w_77,h_43,al_c,q_80,usm_0.66_1.00_0.01,blur_2,enc_auto/cf0e56_18327daba6b24841b181fd3dd36e8e30_mv2.jpg]
[static.wixstatic.com/media/cf0e56_bb00c07571a14422874d0fb61d5d3c54_mv2.jpg/v1/fill/w_77,h_43,al_c,q_80,usm_0.66_1.00_0.01,blur_2,enc_auto/cf0e56_bb00c07571a14422874d0fb61d5d3c54_mv2.jpg]
[static.wixstatic.com/media/cf0e56_ab3931ab54fb4a328b851cae03fd2831_mv2.jpg/v1/fill/w_89,h_50,al_c,q_80,usm_0.66_1.00_0.01,blur_2,enc_auto/cf0e56_ab3931ab54fb4a328b851cae03fd2831_mv2.jpg]
[static.wixstatic.com/media/cf0e56_02d92c5da545422c83a9257c835e5742_mv2.jpg/v1/fill/w_89,h_50,al_c,q_80,usm_0.66_1.00_0.01,blur_2,enc_auto/cf0e56_02d92c5da545422c83a9257c835e5742_mv2.jpg]
[static.wixstatic.com/media/cf0e56_bc5889292b6447d890b5231df3263c4f_mv2.png/v1/fill/w_186,h_207,al_c,q_85,usm_0.66_1.00_0.01,blur_3,enc_auto/cf0e56_bc5889292b6447d890b5231df3263c4f_mv2.png]
[static.wixstatic.com/media/cf0e56_eb3d385cc3194eaf9cc0645d1f3dd37e_mv2.png/v1/fill/w_96,h_96,al_c,q_85,usm_0.66_1.00_0.01,blur_3,enc_auto/cf0e56_eb3d385cc3194eaf9cc0645d1f3dd37e_mv2.png]
[static.wixstatic.com/media/cf0e56_98011ed5948e4524a4e766bf02167c8d_mv2.png/v1/fill/w_96,h_96,al_c,q_85,usm_0.66_1.00_0.01,blur_3,enc_auto/cf0e56_98011ed5948e4524a4e766bf02167c8d_mv2.png]
[static.wixstatic.com/media/cf0e56_a2c509c1d05c4ad5b572febe2f665443_mv2.png/v1/fill/w_142,h_42,al_c,q_85,usm_0.66_1.00_0.01,blur_3,/3355389-ilustracaoial-de-sinal-de-classificacao-de-cinco-estrelas-grat]
[browser.sentry-cdn.com/6.18.2/bundle.min.js]
[www.grandtheftvicecity.site/cópia-privacy-policy.html]
[www.grandtheftvicecity.site/sitemap.xml]
[www.grandtheftvicecity.site/feed.19.delayed]
[www.grandtheftvicecity.site/${n.1a.delayed]
[static.parastorage.com/services/wix-thunderbolt/dist/thunderbolt-commons.e111703b.bundle.min.js]
[static.parastorage.com/services/wix-thunderbolt/dist/main.64c256ba.bundle.min.js]
[static.parastorage.com/unpkg/lodash@4.17.21/lodash.min.js]
[static.parastorage.com/unpkg/react@16.14.0/umd/react.production.min.js]
[static.parastorage.com/unpkg/react-dom@16.14.0/umd/react-dom.production.min.js]
[www.grandtheftvicecity.site/decodeURIComponent(e.20.delayed]
[static.parastorage.com/services/tag-manager-client/1.705.0/siteTags.bundle.min.js]
[www.grandtheftvicecity.site/index.html]
[static.parastorage.com/services/wix-perf-measure/1.1058.0/wix-perf-measure.umd.min.js]
[static.wixstatic.com/media/cf0e56_450b7d4851054698b2502c8f9912bb9e_mv2.png/v1/fill/w_1024,h_1020,al_c/cf0e56_450b7d4851054698b2502c8f9912bb9e_mv2ff82.png]
[static.wixstatic.com/media/cf0e56_b3cfe8a4d1bd496d954ea5c78b18d1b9_mv2.jpg/v1/fill/w_288,h_162,al_c,q_80,usm_0.66_1.00_0.01,blur_2,enc_auto/cf0e56_b3cfe8a4d1bd496d954ea5c78b18d1b9_mv2.jpg]
[www.grandtheftvicecity.site/cópia-privacy-policy.html]
[www.grandtheftvicecity.site/feed.html]
[www.grandtheftvicecity.site/${n.html]
[www.grandtheftvicecity.site/decodeURIComponent(e.html]
